stm32f4_discovery_audio_codec.c:276:6:EVAL_AUDIO_SetAudioInterface	16	static
stm32f4_discovery_audio_codec.c:318:10:EVAL_AUDIO_Init	16	static
stm32f4_discovery_audio_codec.c:342:10:EVAL_AUDIO_DeInit	8	static
stm32f4_discovery_audio_codec.c:359:10:EVAL_AUDIO_Play	16	static
stm32f4_discovery_audio_codec.c:392:10:EVAL_AUDIO_PauseResume	16	static
stm32f4_discovery_audio_codec.c:418:10:EVAL_AUDIO_Stop	16	static
stm32f4_discovery_audio_codec.c:444:10:EVAL_AUDIO_VolumeCtl	16	static
stm32f4_discovery_audio_codec.c:456:10:EVAL_AUDIO_Mute	16	static
stm32f4_discovery_audio_codec.c:467:13:Audio_MAL_IRQHandler	8	static
stm32f4_discovery_audio_codec.c:568:6:DMA1_Stream7_IRQHandler	8	static
stm32f4_discovery_audio_codec.c:578:6:DMA1_Stream0_IRQHandler	8	static
stm32f4_discovery_audio_codec.c:588:6:SPI3_IRQHandler	8	static
stm32f4_discovery_audio_codec.c:603:10:EVAL_AUDIO_GetSampleCallBack	4	static
stm32f4_discovery_audio_codec.c:621:17:Codec_Init	24	static
stm32f4_discovery_audio_codec.c:701:17:Codec_DeInit	16	static
stm32f4_discovery_audio_codec.c:730:17:Codec_Play	4	static
stm32f4_discovery_audio_codec.c:746:17:Codec_PauseResume	24	static
stm32f4_discovery_audio_codec.c:785:17:Codec_Stop	24	static
stm32f4_discovery_audio_codec.c:818:17:Codec_VolumeCtrl	24	static
stm32f4_discovery_audio_codec.c:844:17:Codec_Mute	24	static
stm32f4_discovery_audio_codec.c:868:13:Codec_Reset	8	static
stm32f4_discovery_audio_codec.c:887:17:Codec_WriteRegister	24	static
stm32f4_discovery_audio_codec.c:957:17:Codec_ReadRegister	24	static
stm32f4_discovery_audio_codec.c:1059:13:Codec_CtrlInterface_Init	24	static
stm32f4_discovery_audio_codec.c:1086:13:Codec_CtrlInterface_DeInit	4	static
stm32f4_discovery_audio_codec.c:1101:13:Codec_AudioInterface_Init	48	static
stm32f4_discovery_audio_codec.c:1165:13:Codec_AudioInterface_DeInit	8	static
stm32f4_discovery_audio_codec.c:1183:13:Codec_GPIO_Init	16	static
stm32f4_discovery_audio_codec.c:1260:13:Codec_GPIO_DeInit	16	static
stm32f4_discovery_audio_codec.c:1294:13:Delay	16	static
stm32f4_discovery_audio_codec.c:1325:13:Audio_MAL_Init	16	static
stm32f4_discovery_audio_codec.c:1486:13:Audio_MAL_DeInit	16	static
stm32f4_discovery_audio_codec.c:1515:6:Audio_MAL_Play	16	static
stm32f4_discovery_audio_codec.c:1558:13:Audio_MAL_PauseResume	16	static
stm32f4_discovery_audio_codec.c:1598:13:Audio_MAL_Stop	8	static
stm32f4_discovery_audio_codec.c:1620:6:DAC_Config	32	static
